// Vitest Snapshot v1, https://vitest.dev/guide/snapshot.html

exports[`RTL layout > switches the document direction to RTL and mirrors the shell for Arabic 1`] = `
<nav
  aria-label="التنقل الأساسي"
  class="app-nav"
>
  <div
    class="brand"
  >
    <h1>
      S3M-WaterTwin
    </h1>
    <div
      class="sub"
    >
      وحدة تحكم المشغّل
    </div>
  </div>
  <div
    class="facility-switcher"
    data-testid="facility-switcher"
  >
    <span
      class="facility-switcher-label"
    >
      Acme Water Co
    </span>
    <select
      aria-label="Active facility"
      class="facility-switcher-select"
      data-testid="facility-switcher-select"
    >
      <option
        data-testid="facility-option-FAC-ALPHA"
        value="FAC-ALPHA"
      >
        SWRO Alpha
      </option>
      <option
        data-testid="facility-option-FAC-BETA"
        value="FAC-BETA"
      >
        SWRO Beta
      </option>
      <option
        data-testid="facility-option-FAC-GAMMA"
        value="FAC-GAMMA"
      >
        SWRO Gamma
      </option>
    </select>
  </div>
  <button
    aria-current="page"
    class="nav-item active"
    data-testid="nav-command"
  >
    <span>
      نظرة عامة على القيادة
    </span>
  </button>
  <button
    class="nav-item"
    data-testid="nav-process"
  >
    <span>
      التوأم الرقمي للعملية
    </span>
  </button>
  <button
    class="nav-item"
    data-testid="nav-network"
  >
    <span>
      Network Twin
    </span>
  </button>
  <button
    class="nav-item"
    data-testid="nav-asset"
  >
    <span>
      التوأم الرقمي للأصل
    </span>
  </button>
  <button
    class="nav-item"
    data-testid="nav-water-quality"
  >
    <span>
      جودة المياه
    </span>
  </button>
  <button
    class="nav-item"
    data-testid="nav-predictive-maintenance"
  >
    <span>
      الصيانة التنبؤية
    </span>
  </button>
  <button
    class="nav-item"
    data-testid="nav-maintenance-center"
  >
    <span>
      Maintenance Center
    </span>
  </button>
  <button
    class="nav-item"
    data-testid="nav-energy"
  >
    <span>
      تحسين الطاقة
    </span>
  </button>
  <button
    class="nav-item"
    data-testid="nav-resilience"
  >
    <span>
      قيادة المرونة
    </span>
  </button>
  <button
    class="nav-item"
    data-testid="nav-executive"
  >
    <span>
      القيمة التنفيذية / العائد على الاستثمار
    </span>
  </button>
  <button
    class="nav-item"
    data-testid="nav-models"
  >
    <span>
      Models & Compliance
    </span>
  </button>
  <button
    class="nav-item"
    data-testid="nav-assistant"
  >
    <span>
      مساعد العمليات
    </span>
  </button>
  <button
    class="nav-item"
    data-testid="nav-security"
  >
    <span>
      Cyber-Physical Security
    </span>
  </button>
  <button
    class="nav-item"
    data-testid="nav-training"
  >
    <span>
      Training Simulator
    </span>
    <span
      class="phase-tag"
    >
      SIMULATION
    </span>
  </button>
  <button
    class="nav-item"
    data-testid="nav-simulation"
  >
    <span>
      مركز المحاكاة
    </span>
    <span
      class="phase-tag"
    >
      المرحلة 8–9
    </span>
  </button>
  <button
    class="nav-item"
    data-testid="nav-administration"
  >
    <span>
      Administration
    </span>
  </button>
  <div
    aria-label="Display & reports"
    class="nav-group"
  >
    <div
      class="nav-group-title"
    >
      Display & reports
    </div>
    <button
      class="nav-item"
      data-testid="enter-control-room"
    >
      <span>
        Control Room display
      </span>
    </button>
    <button
      class="nav-item"
      data-testid="open-shift-report"
    >
      <span>
        Print shift report
      </span>
    </button>
    <button
      class="nav-item"
      data-testid="open-executive-report"
    >
      <span>
        Print executive report
      </span>
    </button>
  </div>
  <div
    class="nav-section"
    data-testid="admin-nav-section"
  >
    <div
      class="nav-section-title"
    >
      Administration
    </div>
    <button
      class="nav-item"
      data-testid="nav-admin-facilities"
    >
      <span>
        Multi-Facility
      </span>
    </button>
  </div>
  <div
    style="flex: 1 1 0%;"
  />
  <div
    class="shell-controls"
    data-testid="shell-controls"
  >
    <label
      class="shell-control"
    >
      <span
        class="shell-control-label"
      >
        اللغة
      </span>
      <select
        aria-label="اللغة"
        data-testid="language-select"
      >
        <option
          value="en"
        >
          English
        </option>
        <option
          value="ar"
        >
          العربية
        </option>
      </select>
    </label>
    <label
      class="shell-control"
    >
      <span
        class="shell-control-label"
      >
        الوحدات
      </span>
      <select
        aria-label="الوحدات"
        data-testid="units-select"
      >
        <option
          value="metric"
        >
          متري
        </option>
        <option
          value="imperial"
        >
          إمبراطوري
        </option>
      </select>
    </label>
  </div>
  <div
    class="user-badge"
    data-testid="user-badge"
  >
    <div
      class="user-line"
    >
      <span
        class="user-name"
        data-testid="user-name"
      >
        dev-admin
      </span>
      <span
        class="user-role"
        data-testid="user-role"
      >
        admin
      </span>
    </div>
    <span
      class="muted"
      data-testid="auth-dev-mode"
    >
      المصادقة مُعطّلة (تطوير)
    </span>
  </div>
  <div
    class="brand"
  >
    <div
      class="sub"
    >
      الصفحات 1 و2 و4 مفعّلة · والبقية في مراحل لاحقة
    </div>
  </div>
</nav>
`;
